worker ran successfully